// Jest Snapshot v1, https://goo.gl/fbAQLP

exports[`TextInput should render a default text-input 1`] = `
<div>
  <div
    class="sc-bcXHqe gcKSdl"
  >
    <label
      for="test-input-id"
    >
      Test Input
    </label>
    <input
      id="test-input-id"
      type="text"
      value="Test Value"
    />
    <span />
  </div>
</div>
`;
